// Jest Snapshot v1, https://goo.gl/fbAQLP

exports[`<CardCarousel /> renders carousel with cat cards correctly 1`] = `
<RCTScrollView
  ItemSeparatorComponent={[Function]}
  data={
    [
      {
        "catID": 1,
        "concernStatus": [
          "Injured",
        ],
        "lastFedTime": 2023-05-19T04:01:00.000Z,
        "lastSeenLocation": "Engineering",
        "name": "Kitty",
        "photoURLs": [
          1,
          1,
        ],
      },
      {
        "catID": 2,
        "concernStatus": [
          "New",
          "Injured",
        ],
        "lastFedTime": null,
        "lastSeenLocation": "Utown",
        "lastSeenTime": 2023-05-20T02:53:00.000Z,
        "name": "Skitty",
        "photoURLs": [
          1,
        ],
      },
      {
        "catID": 3,
        "concernStatus": [
          "Missing",
        ],
        "lastFedTime": 2023-05-15T10:34:00.000Z,
        "lastSeenLocation": "Science",
        "lastSeenTime": 2023-05-15T10:34:00.000Z,
        "name": "Mitty",
        "photoURLs": [
          1,
        ],
      },
    ]
  }
  decelerationRate="normal"
  getItem={[Function]}
  getItemCount={[Function]}
  horizontal={true}
  keyExtractor={[Function]}
  onContentSizeChange={[Function]}
  onLayout={[Function]}
  onMomentumScrollBegin={[Function]}
  onMomentumScrollEnd={[Function]}
  onScroll={[Function]}
  onScrollBeginDrag={[Function]}
  onScrollEndDrag={[Function]}
  removeClippedSubviews={false}
  renderItem={[Function]}
  scrollEventThrottle={4}
  showsHorizontalScrollIndicator={false}
  snapToAlignment="center"
  snapToInterval={324}
  stickyHeaderIndices={[]}
  style={
    {
      "height": 300,
    }
  }
  testID="card-carousel"
  viewabilityConfigCallbackPairs={[]}
>
  <View>
    <View
      onFocusCapture={[Function]}
      onLayout={[Function]}
      style={
        [
          {
            "flexDirection": "row",
          },
          null,
        ]
      }
    >
      <View
        collapsable={false}
        style={
          {
            "backgroundColor": "rgba(247, 243, 249, 1)",
            "borderRadius": 12,
            "height": 300,
            "margin": 4,
            "shadowColor": "#000",
            "shadowOffset": {
              "height": 1,
              "width": 0,
            },
            "shadowOpacity": 0.15,
            "shadowRadius": 3,
            "width": 300,
          }
        }
        testID="card-container-outer-layer"
      >
        <View
          collapsable={false}
          style={
            {
              "backgroundColor": "rgba(247, 243, 249, 1)",
              "borderRadius": 12,
              "elevation": 1,
              "flex": 1,
              "shadowColor": "#000",
              "shadowOffset": {
                "height": 1,
                "width": 0,
              },
              "shadowOpacity": 0.3,
              "shadowRadius": 1,
            }
          }
          testID="card-container"
        >
          <View
            accessibilityState={
              {
                "busy": undefined,
                "checked": undefined,
                "disabled": undefined,
                "expanded": undefined,
                "selected": undefined,
              }
            }
            accessible={true}
            focusable={true}
            onClick={[Function]}
            onResponderGrant={[Function]}
            onResponderMove={[Function]}
            onResponderRelease={[Function]}
            onResponderTerminate={[Function]}
            onResponderTerminationRequest={[Function]}
            onStartShouldSetResponder={[Function]}
            style={
              [
                {
                  "flexShrink": 1,
                },
                undefined,
              ]
            }
            testID="card"
          >
            <View
              style={
                [
                  {
                    "backgroundColor": "#eeeeee",
                    "height": 195,
                    "overflow": "hidden",
                  },
                  {
                    "borderRadius": 12,
                  },
                  {
                    "height": 150,
                    "resizeMode": "cover",
                    "width": 300,
                  },
                ]
              }
            >
              <Image
                accessibilityIgnoresInvertColors={true}
                siblings={
                  [
                    "Card.Cover",
                    "Card.Title",
                    "Card.Content",
                  ]
                }
                source={1}
                style={
                  [
                    {
                      "flex": 1,
                      "height": undefined,
                      "justifyContent": "flex-end",
                      "padding": 16,
                      "width": undefined,
                    },
                    {
                      "borderRadius": 12,
                    },
                  ]
                }
                testID="cover-image"
              />
            </View>
            <View
              style={
                [
                  {
                    "alignItems": "center",
                    "flexDirection": "row",
                    "justifyContent": "space-between",
                    "paddingLeft": 16,
                  },
                  {
                    "minHeight": 50,
                  },
                  undefined,
                ]
              }
            >
              <View
                style={
                  [
                    {
                      "flex": 1,
                      "flexDirection": "column",
                      "justifyContent": "center",
                    },
                  ]
                }
              >
                <Text
                  numberOfLines={1}
                  style={
                    [
                      {
                        "fontFamily": "System",
                        "fontSize": 28,
                        "fontWeight": "400",
                        "letterSpacing": 0,
                        "lineHeight": 36,
                      },
                      {
                        "textAlign": "left",
                      },
                      {
                        "color": "rgba(28, 27, 31, 1)",
                        "writingDirection": "ltr",
                      },
                      [
                        {
                          "minHeight": 30,
                          "paddingRight": 16,
                        },
                        {
                          "marginBottom": 2,
                        },
                        undefined,
                      ],
                    ]
                  }
                >
                  Kitty
                </Text>
              </View>
              <View />
            </View>
            <View
              style={
                [
                  {
                    "paddingHorizontal": 16,
                  },
                  {
                    "paddingBottom": 16,
                  },
                  {
                    "paddingBottom": 0,
                    "paddingHorizontal": 4,
                  },
                ]
              }
            >
              <View
                style={
                  [
                    {
                      "flexDirection": "row",
                    },
                    undefined,
                  ]
                }
              >
                <Text />
                <Text
                  style={
                    [
                      {
                        "fontFamily": "System",
                        "fontSize": 22,
                        "fontWeight": "400",
                        "letterSpacing": 0,
                        "lineHeight": 28,
                      },
                      {
                        "textAlign": "left",
                      },
                      {
                        "color": "rgba(28, 27, 31, 1)",
                        "writingDirection": "ltr",
                      },
                      {
                        "flex": 1,
                        "fontWeight": "bold",
                      },
                    ]
                  }
                >
                  Field: 
                  <Text
                    style={
                      [
                        {
                          "fontFamily": "System",
                          "fontSize": 22,
                          "fontWeight": "400",
                          "letterSpacing": 0,
                          "lineHeight": 28,
                        },
                        {
                          "textAlign": "left",
                        },
                        {
                          "color": "rgba(28, 27, 31, 1)",
                          "writingDirection": "ltr",
                        },
                        {
                          "flex": 1,
                        },
                      ]
                    }
                  >
                    Injured
                  </Text>
                </Text>
              </View>
              <View
                style={
                  [
                    {
                      "flexDirection": "row",
                    },
                    undefined,
                  ]
                }
              >
                <Text />
                <Text
                  style={
                    [
                      {
                        "fontFamily": "System",
                        "fontSize": 22,
                        "fontWeight": "400",
                        "letterSpacing": 0,
                        "lineHeight": 28,
                      },
                      {
                        "textAlign": "left",
                      },
                      {
                        "color": "rgba(28, 27, 31, 1)",
                        "writingDirection": "ltr",
                      },
                      {
                        "flex": 1,
                        "fontWeight": "bold",
                      },
                    ]
                  }
                >
                  Field: 
                  <Text
                    style={
                      [
                        {
                          "fontFamily": "System",
                          "fontSize": 22,
                          "fontWeight": "400",
                          "letterSpacing": 0,
                          "lineHeight": 28,
                        },
                        {
                          "textAlign": "left",
                        },
                        {
                          "color": "rgba(28, 27, 31, 1)",
                          "writingDirection": "ltr",
                        },
                        {
                          "flex": 1,
                        },
                      ]
                    }
                  >
                    Engineering
                  </Text>
                </Text>
              </View>
            </View>
          </View>
        </View>
      </View>
      <View
        style={
          {
            "width": 24,
          }
        }
      />
    </View>
    <View
      onFocusCapture={[Function]}
      onLayout={[Function]}
      style={
        [
          {
            "flexDirection": "row",
          },
          null,
        ]
      }
    >
      <View
        collapsable={false}
        style={
          {
            "backgroundColor": "rgba(247, 243, 249, 1)",
            "borderRadius": 12,
            "height": 300,
            "margin": 4,
            "shadowColor": "#000",
            "shadowOffset": {
              "height": 1,
              "width": 0,
            },
            "shadowOpacity": 0.15,
            "shadowRadius": 3,
            "width": 300,
          }
        }
        testID="card-container-outer-layer"
      >
        <View
          collapsable={false}
          style={
            {
              "backgroundColor": "rgba(247, 243, 249, 1)",
              "borderRadius": 12,
              "elevation": 1,
              "flex": 1,
              "shadowColor": "#000",
              "shadowOffset": {
                "height": 1,
                "width": 0,
              },
              "shadowOpacity": 0.3,
              "shadowRadius": 1,
            }
          }
          testID="card-container"
        >
          <View
            accessibilityState={
              {
                "busy": undefined,
                "checked": undefined,
                "disabled": undefined,
                "expanded": undefined,
                "selected": undefined,
              }
            }
            accessible={true}
            focusable={true}
            onClick={[Function]}
            onResponderGrant={[Function]}
            onResponderMove={[Function]}
            onResponderRelease={[Function]}
            onResponderTerminate={[Function]}
            onResponderTerminationRequest={[Function]}
            onStartShouldSetResponder={[Function]}
            style={
              [
                {
                  "flexShrink": 1,
                },
                undefined,
              ]
            }
            testID="card"
          >
            <View
              style={
                [
                  {
                    "backgroundColor": "#eeeeee",
                    "height": 195,
                    "overflow": "hidden",
                  },
                  {
                    "borderRadius": 12,
                  },
                  {
                    "height": 150,
                    "resizeMode": "cover",
                    "width": 300,
                  },
                ]
              }
            >
              <Image
                accessibilityIgnoresInvertColors={true}
                siblings={
                  [
                    "Card.Cover",
                    "Card.Title",
                    "Card.Content",
                  ]
                }
                source={1}
                style={
                  [
                    {
                      "flex": 1,
                      "height": undefined,
                      "justifyContent": "flex-end",
                      "padding": 16,
                      "width": undefined,
                    },
                    {
                      "borderRadius": 12,
                    },
                  ]
                }
                testID="cover-image"
              />
            </View>
            <View
              style={
                [
                  {
                    "alignItems": "center",
                    "flexDirection": "row",
                    "justifyContent": "space-between",
                    "paddingLeft": 16,
                  },
                  {
                    "minHeight": 50,
                  },
                  undefined,
                ]
              }
            >
              <View
                style={
                  [
                    {
                      "flex": 1,
                      "flexDirection": "column",
                      "justifyContent": "center",
                    },
                  ]
                }
              >
                <Text
                  numberOfLines={1}
                  style={
                    [
                      {
                        "fontFamily": "System",
                        "fontSize": 28,
                        "fontWeight": "400",
                        "letterSpacing": 0,
                        "lineHeight": 36,
                      },
                      {
                        "textAlign": "left",
                      },
                      {
                        "color": "rgba(28, 27, 31, 1)",
                        "writingDirection": "ltr",
                      },
                      [
                        {
                          "minHeight": 30,
                          "paddingRight": 16,
                        },
                        {
                          "marginBottom": 2,
                        },
                        undefined,
                      ],
                    ]
                  }
                >
                  Skitty
                </Text>
              </View>
              <View />
            </View>
            <View
              style={
                [
                  {
                    "paddingHorizontal": 16,
                  },
                  {
                    "paddingBottom": 16,
                  },
                  {
                    "paddingBottom": 0,
                    "paddingHorizontal": 4,
                  },
                ]
              }
            >
              <View
                style={
                  [
                    {
                      "flexDirection": "row",
                    },
                    undefined,
                  ]
                }
              >
                <Text />
                <Text
                  style={
                    [
                      {
                        "fontFamily": "System",
                        "fontSize": 22,
                        "fontWeight": "400",
                        "letterSpacing": 0,
                        "lineHeight": 28,
                      },
                      {
                        "textAlign": "left",
                      },
                      {
                        "color": "rgba(28, 27, 31, 1)",
                        "writingDirection": "ltr",
                      },
                      {
                        "flex": 1,
                        "fontWeight": "bold",
                      },
                    ]
                  }
                >
                  Field: 
                  <Text
                    style={
                      [
                        {
                          "fontFamily": "System",
                          "fontSize": 22,
                          "fontWeight": "400",
                          "letterSpacing": 0,
                          "lineHeight": 28,
                        },
                        {
                          "textAlign": "left",
                        },
                        {
                          "color": "rgba(28, 27, 31, 1)",
                          "writingDirection": "ltr",
                        },
                        {
                          "flex": 1,
                        },
                      ]
                    }
                  >
                    New, Injured
                  </Text>
                </Text>
              </View>
              <View
                style={
                  [
                    {
                      "flexDirection": "row",
                    },
                    undefined,
                  ]
                }
              >
                <Text />
                <Text
                  style={
                    [
                      {
                        "fontFamily": "System",
                        "fontSize": 22,
                        "fontWeight": "400",
                        "letterSpacing": 0,
                        "lineHeight": 28,
                      },
                      {
                        "textAlign": "left",
                      },
                      {
                        "color": "rgba(28, 27, 31, 1)",
                        "writingDirection": "ltr",
                      },
                      {
                        "flex": 1,
                        "fontWeight": "bold",
                      },
                    ]
                  }
                >
                  Field: 
                  <Text
                    style={
                      [
                        {
                          "fontFamily": "System",
                          "fontSize": 22,
                          "fontWeight": "400",
                          "letterSpacing": 0,
                          "lineHeight": 28,
                        },
                        {
                          "textAlign": "left",
                        },
                        {
                          "color": "rgba(28, 27, 31, 1)",
                          "writingDirection": "ltr",
                        },
                        {
                          "flex": 1,
                        },
                      ]
                    }
                  >
                    Utown
                  </Text>
                </Text>
              </View>
            </View>
          </View>
        </View>
      </View>
      <View
        style={
          {
            "width": 24,
          }
        }
      />
    </View>
    <View
      onFocusCapture={[Function]}
      onLayout={[Function]}
      style={
        [
          {
            "flexDirection": "row",
          },
          null,
        ]
      }
    >
      <View
        collapsable={false}
        style={
          {
            "backgroundColor": "rgba(247, 243, 249, 1)",
            "borderRadius": 12,
            "height": 300,
            "margin": 4,
            "shadowColor": "#000",
            "shadowOffset": {
              "height": 1,
              "width": 0,
            },
            "shadowOpacity": 0.15,
            "shadowRadius": 3,
            "width": 300,
          }
        }
        testID="card-container-outer-layer"
      >
        <View
          collapsable={false}
          style={
            {
              "backgroundColor": "rgba(247, 243, 249, 1)",
              "borderRadius": 12,
              "elevation": 1,
              "flex": 1,
              "shadowColor": "#000",
              "shadowOffset": {
                "height": 1,
                "width": 0,
              },
              "shadowOpacity": 0.3,
              "shadowRadius": 1,
            }
          }
          testID="card-container"
        >
          <View
            accessibilityState={
              {
                "busy": undefined,
                "checked": undefined,
                "disabled": undefined,
                "expanded": undefined,
                "selected": undefined,
              }
            }
            accessible={true}
            focusable={true}
            onClick={[Function]}
            onResponderGrant={[Function]}
            onResponderMove={[Function]}
            onResponderRelease={[Function]}
            onResponderTerminate={[Function]}
            onResponderTerminationRequest={[Function]}
            onStartShouldSetResponder={[Function]}
            style={
              [
                {
                  "flexShrink": 1,
                },
                undefined,
              ]
            }
            testID="card"
          >
            <View
              style={
                [
                  {
                    "backgroundColor": "#eeeeee",
                    "height": 195,
                    "overflow": "hidden",
                  },
                  {
                    "borderRadius": 12,
                  },
                  {
                    "height": 150,
                    "resizeMode": "cover",
                    "width": 300,
                  },
                ]
              }
            >
              <Image
                accessibilityIgnoresInvertColors={true}
                siblings={
                  [
                    "Card.Cover",
                    "Card.Title",
                    "Card.Content",
                  ]
                }
                source={1}
                style={
                  [
                    {
                      "flex": 1,
                      "height": undefined,
                      "justifyContent": "flex-end",
                      "padding": 16,
                      "width": undefined,
                    },
                    {
                      "borderRadius": 12,
                    },
                  ]
                }
                testID="cover-image"
              />
            </View>
            <View
              style={
                [
                  {
                    "alignItems": "center",
                    "flexDirection": "row",
                    "justifyContent": "space-between",
                    "paddingLeft": 16,
                  },
                  {
                    "minHeight": 50,
                  },
                  undefined,
                ]
              }
            >
              <View
                style={
                  [
                    {
                      "flex": 1,
                      "flexDirection": "column",
                      "justifyContent": "center",
                    },
                  ]
                }
              >
                <Text
                  numberOfLines={1}
                  style={
                    [
                      {
                        "fontFamily": "System",
                        "fontSize": 28,
                        "fontWeight": "400",
                        "letterSpacing": 0,
                        "lineHeight": 36,
                      },
                      {
                        "textAlign": "left",
                      },
                      {
                        "color": "rgba(28, 27, 31, 1)",
                        "writingDirection": "ltr",
                      },
                      [
                        {
                          "minHeight": 30,
                          "paddingRight": 16,
                        },
                        {
                          "marginBottom": 2,
                        },
                        undefined,
                      ],
                    ]
                  }
                >
                  Mitty
                </Text>
              </View>
              <View />
            </View>
            <View
              style={
                [
                  {
                    "paddingHorizontal": 16,
                  },
                  {
                    "paddingBottom": 16,
                  },
                  {
                    "paddingBottom": 0,
                    "paddingHorizontal": 4,
                  },
                ]
              }
            >
              <View
                style={
                  [
                    {
                      "flexDirection": "row",
                    },
                    undefined,
                  ]
                }
              >
                <Text />
                <Text
                  style={
                    [
                      {
                        "fontFamily": "System",
                        "fontSize": 22,
                        "fontWeight": "400",
                        "letterSpacing": 0,
                        "lineHeight": 28,
                      },
                      {
                        "textAlign": "left",
                      },
                      {
                        "color": "rgba(28, 27, 31, 1)",
                        "writingDirection": "ltr",
                      },
                      {
                        "flex": 1,
                        "fontWeight": "bold",
                      },
                    ]
                  }
                >
                  Field: 
                  <Text
                    style={
                      [
                        {
                          "fontFamily": "System",
                          "fontSize": 22,
                          "fontWeight": "400",
                          "letterSpacing": 0,
                          "lineHeight": 28,
                        },
                        {
                          "textAlign": "left",
                        },
                        {
                          "color": "rgba(28, 27, 31, 1)",
                          "writingDirection": "ltr",
                        },
                        {
                          "flex": 1,
                        },
                      ]
                    }
                  >
                    Missing
                  </Text>
                </Text>
              </View>
              <View
                style={
                  [
                    {
                      "flexDirection": "row",
                    },
                    undefined,
                  ]
                }
              >
                <Text />
                <Text
                  style={
                    [
                      {
                        "fontFamily": "System",
                        "fontSize": 22,
                        "fontWeight": "400",
                        "letterSpacing": 0,
                        "lineHeight": 28,
                      },
                      {
                        "textAlign": "left",
                      },
                      {
                        "color": "rgba(28, 27, 31, 1)",
                        "writingDirection": "ltr",
                      },
                      {
                        "flex": 1,
                        "fontWeight": "bold",
                      },
                    ]
                  }
                >
                  Field: 
                  <Text
                    style={
                      [
                        {
                          "fontFamily": "System",
                          "fontSize": 22,
                          "fontWeight": "400",
                          "letterSpacing": 0,
                          "lineHeight": 28,
                        },
                        {
                          "textAlign": "left",
                        },
                        {
                          "color": "rgba(28, 27, 31, 1)",
                          "writingDirection": "ltr",
                        },
                        {
                          "flex": 1,
                        },
                      ]
                    }
                  >
                    Science
                  </Text>
                </Text>
              </View>
            </View>
          </View>
        </View>
      </View>
    </View>
  </View>
</RCTScrollView>
`;
